29-07-2026 10:55:26	This log contains information about the import schema operation into project 'ECommerce.Database' on computer 'DESKTOP-8H7LD98' by user 'Admin'.
29-07-2026 10:55:26	Import of database schema has started.
29-07-2026 10:55:47	Gathering database credentials
29-07-2026 10:55:47	Gathering database options
29-07-2026 10:55:48	Gathering generic database scoped configuration option
29-07-2026 10:55:48	Gathering users
29-07-2026 10:55:48	Gathering roles
29-07-2026 10:55:48	Gathering application roles
29-07-2026 10:55:48	Gathering role memberships
29-07-2026 10:55:48	Gathering filegroups
29-07-2026 10:55:48	Gathering full-text catalogs
29-07-2026 10:55:48	Gathering assemblies
29-07-2026 10:55:48	Gathering certificates
29-07-2026 10:55:48	Gathering asymmetric keys
29-07-2026 10:55:48	Gathering symmetric keys
29-07-2026 10:55:48	Gathering encrypted symmetric keys
29-07-2026 10:55:48	Gathering schemas
29-07-2026 10:55:48	Gathering XML schema collections
29-07-2026 10:55:48	Gathering user-defined data types
29-07-2026 10:55:48	Gathering user-defined types
29-07-2026 10:55:48	Gathering table types
29-07-2026 10:55:48	Gathering unique keys for table types
29-07-2026 10:55:48	Gathering primary keys for table types
29-07-2026 10:55:48	Gathering indexes for table types
29-07-2026 10:56:01	Gathering check constraints for table types
29-07-2026 10:56:01	Gathering default constraints for table types
29-07-2026 10:56:01	Gathering partition functions
29-07-2026 10:56:01	Gathering partition schemes
29-07-2026 10:56:01	Gathering functions
29-07-2026 10:56:01	Gathering encrypted functions
29-07-2026 10:56:01	Gathering aggregates
29-07-2026 10:56:01	Gathering procedures
29-07-2026 10:56:01	Gathering encrypted procedures
29-07-2026 10:56:01	Gathering tables
29-07-2026 10:56:52	Gathering primary keys
29-07-2026 10:56:52	Gathering unique constraints
29-07-2026 10:56:52	Gathering foreign keys
29-07-2026 10:56:52	Gathering default constraints
29-07-2026 10:56:52	Gathering check constraints
29-07-2026 10:56:52	Gathering views
29-07-2026 10:56:52	Gathering encrypted views
29-07-2026 10:56:52	Gathering indexes
29-07-2026 10:56:52	Gathering statistics
29-07-2026 10:56:52	Gathering full-text index stoplists
29-07-2026 10:56:52	Gathering search property lists
29-07-2026 10:56:52	Gathering search properties
29-07-2026 10:56:52	Gathering full-text indexes
29-07-2026 10:56:52	Gathering column store indexes
29-07-2026 10:57:03	Gathering spatial indexes
29-07-2026 10:57:03	Gathering XML indexes
29-07-2026 10:57:03	Gathering Selective XML indexes
29-07-2026 10:57:03	Gathering encrypted triggers
29-07-2026 10:57:03	Gathering triggers
29-07-2026 10:57:03	Gathering encrypted and clr ddl triggers
29-07-2026 10:57:03	Gathering ddl triggers
29-07-2026 10:57:03	Creating edge constraints
29-07-2026 10:57:03	Gathering synonyms
29-07-2026 10:57:03	Gathering defaults
29-07-2026 10:57:03	Gathering data constraint uddt bindings
29-07-2026 10:57:03	Gathering rules
29-07-2026 10:57:03	Gathering data constraint uddt bindings
29-07-2026 10:57:04	Gathering message types
29-07-2026 10:57:04	Gathering queues
29-07-2026 10:57:04	Gathering contracts
29-07-2026 10:57:04	Gathering services
29-07-2026 10:57:04	Gathering event notifications
29-07-2026 10:57:04	Gathering remote service bindings
29-07-2026 10:57:04	Gathering broker priorities
29-07-2026 10:57:04	Gathering signatures
29-07-2026 10:57:04	Gathering compression options
29-07-2026 10:57:04	Gathering sequence types
29-07-2026 10:57:04	Gathering security policies
29-07-2026 10:57:04	Gather column encryption keys
29-07-2026 10:57:04	Gathering column master keys
29-07-2026 10:57:04	Gathering external data sources
29-07-2026 10:57:04	Gathering external file formats
29-07-2026 10:57:04	Gathering external tables
29-07-2026 10:57:04	Gathering extended properties
29-07-2026 10:57:04	Gathering assemblies
29-07-2026 10:57:04	Gathering credentials
29-07-2026 10:57:04	Gathering logins
29-07-2026 10:57:04	Gathering server audits
29-07-2026 10:57:05	Scanning project for duplicate elements
29-07-2026 10:57:05	Finished duplicate element processing
29-07-2026 10:57:06	Finished importing database.
29-07-2026 10:57:06	A summary of the import was saved to the following location: H:\FullStackDotNet\SimpleCRUDAPI\ECommerce.Database\Import Schema Logs\ECommerce.Database_20260729052526.log
29-07-2026 10:57:06	Click Finish to continue...
